
Chetan@DESKTOP-QO99CVR MINGW64 ~/Desktop (master)
$ ssh -i "jenkins.pem" ubuntu@ec2-54-255-138-238.ap-southeast-1.compute.amazonaws.com
The authenticity of host 'ec2-54-255-138-238.ap-southeast-1.compute.amazonaws.com (54.255.138.238)' can't be established.
ECDSA key fingerprint is SHA256:E3m61k+nZ6kzwzvUvzZnc8+3zuh/GcilQVvDrRcFNwo.
Are you sure you want to continue connecting (yes/no)? yes
Warning: Permanently added 'ec2-54-255-138-238.ap-southeast-1.compute.amazonaws.com,54.255.138.238' (ECDSA) to the list of known hosts.
Welcome to Ubuntu 14.04.5 LTS (GNU/Linux 3.13.0-158-generic x86_64)

 * Documentation:  https://help.ubuntu.com/

  System information as of Tue Oct 30 05:40:47 UTC 2018

  System load: 0.0               Memory usage: 5%   Processes:       81
  Usage of /:  10.2% of 7.74GB   Swap usage:   0%   Users logged in: 0

  Graph this data and manage this system at:
    https://landscape.canonical.com/

  Get cloud support with Ubuntu Advantage Cloud Guest:
    http://www.ubuntu.com/business/services/cloud

0 packages can be updated.
0 updates are security updates.



The programs included with the Ubuntu system are free software;
the exact distribution terms for each program are described in the
individual files in /usr/share/doc/*/copyright.

Ubuntu comes with ABSOLUTELY NO WARRANTY, to the extent permitted by
applicable law.

ubuntu@ip-172-31-18-133:~$ sudo -i
root@ip-172-31-18-133:~# apt-get update
Ign http://ap-southeast-1.ec2.archive.ubuntu.com trusty InRelease
Get:1 http://ap-southeast-1.ec2.archive.ubuntu.com trusty-updates InRelease [65.9 kB]
Hit http://ap-southeast-1.ec2.archive.ubuntu.com trusty-backports InRelease
Hit http://ap-southeast-1.ec2.archive.ubuntu.com trusty Release.gpg
Hit http://ap-southeast-1.ec2.archive.ubuntu.com trusty Release
Get:2 http://ap-southeast-1.ec2.archive.ubuntu.com trusty-updates/main Sources [424 kB]
Get:3 http://ap-southeast-1.ec2.archive.ubuntu.com trusty-updates/restricted Sources [6,322 B]
Get:4 http://ap-southeast-1.ec2.archive.ubuntu.com trusty-updates/universe Sources [217 kB]
Get:5 http://ap-southeast-1.ec2.archive.ubuntu.com trusty-updates/multiverse Sources [7,443 B]
Get:6 http://ap-southeast-1.ec2.archive.ubuntu.com trusty-updates/main amd64 Packages [1,116 kB]
Get:7 http://ap-southeast-1.ec2.archive.ubuntu.com trusty-updates/restricted amd64 Packages [17.2 kB]
Get:8 http://ap-southeast-1.ec2.archive.ubuntu.com trusty-updates/universe amd64 Packages [499 kB]
Get:9 http://ap-southeast-1.ec2.archive.ubuntu.com trusty-updates/multiverse amd64 Packages [14.6 kB]
Get:10 http://ap-southeast-1.ec2.archive.ubuntu.com trusty-updates/main Translation-en [555 kB]
Get:11 http://ap-southeast-1.ec2.archive.ubuntu.com trusty-updates/multiverse Translation-en [7,616 B]
Get:12 http://ap-southeast-1.ec2.archive.ubuntu.com trusty-updates/restricted Translation-en [4,021 B]
Get:13 http://ap-southeast-1.ec2.archive.ubuntu.com trusty-updates/universe Translation-en [265 kB]
Get:14 http://ap-southeast-1.ec2.archive.ubuntu.com trusty-backports/main Sources [9,709 B]
Get:15 http://ap-southeast-1.ec2.archive.ubuntu.com trusty-backports/restricted Sources [28 B]
Get:16 http://ap-southeast-1.ec2.archive.ubuntu.com trusty-backports/universe Sources [35.4 kB]
Get:17 http://ap-southeast-1.ec2.archive.ubuntu.com trusty-backports/multiverse Sources [1,896 B]
Hit http://ap-southeast-1.ec2.archive.ubuntu.com trusty-backports/main amd64 Packages
Hit http://ap-southeast-1.ec2.archive.ubuntu.com trusty-backports/restricted amd64 Packages
Hit http://ap-southeast-1.ec2.archive.ubuntu.com trusty-backports/universe amd64 Packages
Hit http://ap-southeast-1.ec2.archive.ubuntu.com trusty-backports/multiverse amd64 Packages
Hit http://ap-southeast-1.ec2.archive.ubuntu.com trusty-backports/main Translation-en
Hit http://ap-southeast-1.ec2.archive.ubuntu.com trusty-backports/multiverse Translation-en
Hit http://ap-southeast-1.ec2.archive.ubuntu.com trusty-backports/restricted Translation-en
Hit http://ap-southeast-1.ec2.archive.ubuntu.com trusty-backports/universe Translation-en
Get:18 http://ap-southeast-1.ec2.archive.ubuntu.com trusty/main Sources [1,064 kB]
Get:19 http://ap-southeast-1.ec2.archive.ubuntu.com trusty/restricted Sources [5,433 B]
Get:20 http://ap-southeast-1.ec2.archive.ubuntu.com trusty/universe Sources [6,399 kB]
Get:21 http://ap-southeast-1.ec2.archive.ubuntu.com trusty/multiverse Sources [174 kB]
Hit http://ap-southeast-1.ec2.archive.ubuntu.com trusty/main amd64 Packages
Hit http://ap-southeast-1.ec2.archive.ubuntu.com trusty/restricted amd64 Packages
Hit http://ap-southeast-1.ec2.archive.ubuntu.com trusty/universe amd64 Packages
Hit http://ap-southeast-1.ec2.archive.ubuntu.com trusty/multiverse amd64 Packages
Hit http://ap-southeast-1.ec2.archive.ubuntu.com trusty/main Translation-en
Hit http://ap-southeast-1.ec2.archive.ubuntu.com trusty/multiverse Translation-en
Hit http://ap-southeast-1.ec2.archive.ubuntu.com trusty/restricted Translation-en
Hit http://ap-southeast-1.ec2.archive.ubuntu.com trusty/universe Translation-en
Ign http://ap-southeast-1.ec2.archive.ubuntu.com trusty/main Translation-en_US
Ign http://ap-southeast-1.ec2.archive.ubuntu.com trusty/multiverse Translation-en_US
Ign http://ap-southeast-1.ec2.archive.ubuntu.com trusty/restricted Translation-en_US
Ign http://ap-southeast-1.ec2.archive.ubuntu.com trusty/universe Translation-en_US
Get:22 http://security.ubuntu.com trusty-security InRelease [65.9 kB]
Get:23 http://security.ubuntu.com trusty-security/main Sources [165 kB]
Get:24 http://security.ubuntu.com trusty-security/universe Sources [86.9 kB]
Get:25 http://security.ubuntu.com trusty-security/main amd64 Packages [783 kB]
Get:26 http://security.ubuntu.com trusty-security/universe amd64 Packages [267 kB]
Get:27 http://security.ubuntu.com trusty-security/main Translation-en [420 kB]
Get:28 http://security.ubuntu.com trusty-security/universe Translation-en [144 kB]
Fetched 12.8 MB in 5s (2,331 kB/s)
Reading package lists... Done
root@ip-172-31-18-133:~# apt-get install tasksel
Reading package lists... Done
Building dependency tree
Reading state information... Done
tasksel is already the newest version.
0 upgraded, 0 newly installed, 0 to remove and 26 not upgraded.
root@ip-172-31-18-133:~# tasksel
root@ip-172-31-18-133:~# apt-get install nagios3
Reading package lists... Done
Building dependency tree
Reading state information... Done
The following extra packages will be installed:
  apache2-utils bsd-mailx fontconfig-config fonts-dejavu-core libarchive13
  libavahi-client3 libavahi-common-data libavahi-common3 libcups2 libdbi1
  libfontconfig1 libgd3 libgmp10 libgssglue1 libjbig0 libjpeg-turbo8 libjpeg8
  libjs-jquery libldb1 liblzo2-2 libnet-snmp-perl libnettle4 libperl5.18
  libpq5 libsensors4 libsmbclient libsnmp-base libsnmp30 libtalloc2 libtdb1
  libtevent0 libtiff5 libtirpc1 libvpx1 libwbclient0 libxpm4 nagios-images
  nagios-plugins nagios-plugins-basic nagios-plugins-common
  nagios-plugins-standard nagios3-cgi nagios3-common nagios3-core postfix
  python-crypto python-ldb python-samba python-talloc python-tdb rpcbind
  samba-common samba-common-bin samba-libs smbclient snmp whois
Suggested packages:
  lrzip cups-common libgd-tools javascript-common libcrypt-des-perl
  libdigest-hmac-perl libio-socket-inet6-perl lm-sensors snmp-mibs-downloader
  nagios-plugins-contrib nagios-nrpe-plugin procmail postfix-mysql
  postfix-pgsql postfix-ldap postfix-pcre sasl2-bin dovecot-common postfix-cdb
  mail-reader postfix-doc python-crypto-dbg python-crypto-doc heimdal-clients
  cifs-utils
The following NEW packages will be installed:
  apache2-utils bsd-mailx fontconfig-config fonts-dejavu-core libarchive13
  libavahi-client3 libavahi-common-data libavahi-common3 libcups2 libdbi1
  libfontconfig1 libgd3 libgmp10 libgssglue1 libjbig0 libjpeg-turbo8 libjpeg8
  libjs-jquery libldb1 liblzo2-2 libnet-snmp-perl libnettle4 libperl5.18
  libpq5 libsensors4 libsmbclient libsnmp-base libsnmp30 libtalloc2 libtdb1
  libtevent0 libtiff5 libtirpc1 libvpx1 libwbclient0 libxpm4 nagios-images
  nagios-plugins nagios-plugins-basic nagios-plugins-common
  nagios-plugins-standard nagios3 nagios3-cgi nagios3-common nagios3-core
  postfix python-crypto python-ldb python-samba python-talloc python-tdb
  rpcbind samba-common samba-common-bin samba-libs smbclient snmp whois
0 upgraded, 58 newly installed, 0 to remove and 26 not upgraded.
Need to get 17.7 MB of archives.
After this operation, 72.3 MB of additional disk space will be used.
Do you want to continue? [Y/n] y
Get:1 http://ap-southeast-1.ec2.archive.ubuntu.com/ubuntu/ trusty-updates/main liblzo2-2 amd64 2.06-1.2ubuntu1.1 [46.1 kB]
Get:2 http://ap-southeast-1.ec2.archive.ubuntu.com/ubuntu/ trusty-updates/main libnettle4 amd64 2.7.1-1ubuntu0.2 [102 kB]
Get:3 http://ap-southeast-1.ec2.archive.ubuntu.com/ubuntu/ trusty-updates/main libarchive13 amd64 3.1.2-7ubuntu2.6 [262 kB]
Get:4 http://ap-southeast-1.ec2.archive.ubuntu.com/ubuntu/ trusty-updates/main libavahi-common-data amd64 0.6.31-4ubuntu1.2 [21.3 kB]
Get:5 http://ap-southeast-1.ec2.archive.ubuntu.com/ubuntu/ trusty-updates/main libavahi-common3 amd64 0.6.31-4ubuntu1.2 [21.7 kB]
Get:6 http://ap-southeast-1.ec2.archive.ubuntu.com/ubuntu/ trusty-updates/main libavahi-client3 amd64 0.6.31-4ubuntu1.2 [25.1 kB]
Get:7 http://ap-southeast-1.ec2.archive.ubuntu.com/ubuntu/ trusty-updates/main libcups2 amd64 1.7.2-0ubuntu1.10 [178 kB]
Get:8 http://ap-southeast-1.ec2.archive.ubuntu.com/ubuntu/ trusty/main fonts-dejavu-core all 2.34-1ubuntu1 [1,024 kB]
Get:9 http://ap-southeast-1.ec2.archive.ubuntu.com/ubuntu/ trusty-updates/main fontconfig-config all 2.11.0-0ubuntu4.2 [47.4 kB]
Get:10 http://ap-southeast-1.ec2.archive.ubuntu.com/ubuntu/ trusty-updates/main libfontconfig1 amd64 2.11.0-0ubuntu4.2 [123 kB]
Get:11 http://ap-southeast-1.ec2.archive.ubuntu.com/ubuntu/ trusty-updates/main libjpeg-turbo8 amd64 1.3.0-0ubuntu2.1 [104 kB]
Get:12 http://ap-southeast-1.ec2.archive.ubuntu.com/ubuntu/ trusty/main libjpeg8 amd64 8c-2ubuntu8 [2,194 B]
Get:13 http://ap-southeast-1.ec2.archive.ubuntu.com/ubuntu/ trusty-updates/main libjbig0 amd64 2.0-2ubuntu4.1 [26.1 kB]
Get:14 http://ap-southeast-1.ec2.archive.ubuntu.com/ubuntu/ trusty-updates/main libtiff5 amd64 4.0.3-7ubuntu0.9 [147 kB]
Get:15 http://ap-southeast-1.ec2.archive.ubuntu.com/ubuntu/ trusty/main libvpx1 amd64 1.3.0-2 [556 kB]
Get:16 http://ap-southeast-1.ec2.archive.ubuntu.com/ubuntu/ trusty-updates/main libxpm4 amd64 1:3.5.10-1ubuntu0.1 [33.2 kB]
Get:17 http://ap-southeast-1.ec2.archive.ubuntu.com/ubuntu/ trusty-updates/main libgd3 amd64 2.1.0-3ubuntu0.10 [123 kB]
Get:18 http://ap-southeast-1.ec2.archive.ubuntu.com/ubuntu/ trusty/main libgmp10 amd64 2:5.1.3+dfsg-1ubuntu1 [218 kB]
Get:19 http://ap-southeast-1.ec2.archive.ubuntu.com/ubuntu/ trusty/main libgssglue1 amd64 0.4-2ubuntu1 [19.7 kB]
Get:20 http://ap-southeast-1.ec2.archive.ubuntu.com/ubuntu/ trusty-updates/main libtalloc2 amd64 2.1.5-0ubuntu0.14.04.1 [28.6 kB]
Get:21 http://ap-southeast-1.ec2.archive.ubuntu.com/ubuntu/ trusty-updates/main libtdb1 amd64 1.3.8-0ubuntu0.14.04.1 [38.3 kB]
Get:22 http://ap-southeast-1.ec2.archive.ubuntu.com/ubuntu/ trusty-updates/main libtevent0 amd64 0.9.28-0ubuntu0.14.04.1 [26.2 kB]
Get:23 http://ap-southeast-1.ec2.archive.ubuntu.com/ubuntu/ trusty-updates/main libldb1 amd64 1:1.1.24-0ubuntu0.14.04.1 [107 kB]
Get:24 http://ap-southeast-1.ec2.archive.ubuntu.com/ubuntu/ trusty/main libsensors4 amd64 1:3.3.4-2ubuntu1 [27.2 kB]
Get:25 http://ap-southeast-1.ec2.archive.ubuntu.com/ubuntu/ trusty-updates/main libperl5.18 amd64 5.18.2-2ubuntu1.6 [1,322 B]
Get:26 http://ap-southeast-1.ec2.archive.ubuntu.com/ubuntu/ trusty-updates/main libsnmp-base all 5.7.2~dfsg-8.1ubuntu3.3 [203 kB]
Get:27 http://ap-southeast-1.ec2.archive.ubuntu.com/ubuntu/ trusty-updates/main libsnmp30 amd64 5.7.2~dfsg-8.1ubuntu3.3 [789 kB]
Get:28 http://ap-southeast-1.ec2.archive.ubuntu.com/ubuntu/ trusty-updates/main libwbclient0 amd64 2:4.3.11+dfsg-0ubuntu0.14.04.17 [30.3 kB]
Get:29 http://ap-southeast-1.ec2.archive.ubuntu.com/ubuntu/ trusty-updates/main python-ldb amd64 1:1.1.24-0ubuntu0.14.04.1 [29.2 kB]
Get:30 http://ap-southeast-1.ec2.archive.ubuntu.com/ubuntu/ trusty-updates/main python-talloc amd64 2.1.5-0ubuntu0.14.04.1 [7,628 B]
Get:31 http://ap-southeast-1.ec2.archive.ubuntu.com/ubuntu/ trusty-updates/main samba-common all 2:4.3.11+dfsg-0ubuntu0.14.04.17 [83.7 kB]
Get:32 http://ap-southeast-1.ec2.archive.ubuntu.com/ubuntu/ trusty-updates/main samba-libs amd64 2:4.3.11+dfsg-0ubuntu0.14.04.17 [5,134 kB]
Get:33 http://ap-southeast-1.ec2.archive.ubuntu.com/ubuntu/ trusty-updates/main libsmbclient amd64 2:4.3.11+dfsg-0ubuntu0.14.04.17 [53.2 kB]
Get:34 http://ap-southeast-1.ec2.archive.ubuntu.com/ubuntu/ trusty-updates/main smbclient amd64 2:4.3.11+dfsg-0ubuntu0.14.04.17 [313 kB]
Get:35 http://ap-southeast-1.ec2.archive.ubuntu.com/ubuntu/ trusty-updates/main libtirpc1 amd64 0.2.2-5ubuntu2.1 [71.3 kB]
Get:36 http://ap-southeast-1.ec2.archive.ubuntu.com/ubuntu/ trusty/main nagios-plugins-common amd64 1.5-3ubuntu1 [46.0 kB]
Get:37 http://ap-southeast-1.ec2.archive.ubuntu.com/ubuntu/ trusty/main nagios-plugins-basic amd64 1.5-3ubuntu1 [238 kB]
Get:38 http://ap-southeast-1.ec2.archive.ubuntu.com/ubuntu/ trusty-updates/main apache2-utils amd64 2.4.7-1ubuntu4.20 [82.6 kB]
Get:39 http://ap-southeast-1.ec2.archive.ubuntu.com/ubuntu/ trusty-updates/main postfix amd64 2.11.0-1ubuntu1.2 [1,088 kB]
Get:40 http://ap-southeast-1.ec2.archive.ubuntu.com/ubuntu/ trusty-updates/main bsd-mailx amd64 8.1.2-0.20131005cvs-1ubuntu0.14.04.1 [60.1 kB]
Get:41 http://ap-southeast-1.ec2.archive.ubuntu.com/ubuntu/ trusty/main libdbi1 amd64 0.9.0-1 [28.2 kB]
Get:42 http://ap-southeast-1.ec2.archive.ubuntu.com/ubuntu/ trusty/main libjs-jquery all 1.7.2+dfsg-2ubuntu1 [78.8 kB]
Get:43 http://ap-southeast-1.ec2.archive.ubuntu.com/ubuntu/ trusty/main libnet-snmp-perl all 6.0.1-2 [107 kB]
Get:44 http://ap-southeast-1.ec2.archive.ubuntu.com/ubuntu/ trusty-updates/main libpq5 amd64 9.3.24-0ubuntu0.14.04 [78.5 kB]
Get:45 http://ap-southeast-1.ec2.archive.ubuntu.com/ubuntu/ trusty/main nagios-images all 0.8 [2,589 kB]
Get:46 http://ap-southeast-1.ec2.archive.ubuntu.com/ubuntu/ trusty-updates/main nagios3-common all 3.5.1-1ubuntu1.3 [53.9 kB]
Get:47 http://ap-southeast-1.ec2.archive.ubuntu.com/ubuntu/ trusty-updates/main nagios3-cgi amd64 3.5.1-1ubuntu1.3 [796 kB]
Get:48 http://ap-southeast-1.ec2.archive.ubuntu.com/ubuntu/ trusty-updates/main nagios3-core amd64 3.5.1-1ubuntu1.3 [231 kB]
Get:49 http://ap-southeast-1.ec2.archive.ubuntu.com/ubuntu/ trusty-updates/main nagios3 amd64 3.5.1-1ubuntu1.3 [1,530 B]
Get:50 http://ap-southeast-1.ec2.archive.ubuntu.com/ubuntu/ trusty-updates/main python-crypto amd64 2.6.1-4ubuntu0.3 [239 kB]
Get:51 http://ap-southeast-1.ec2.archive.ubuntu.com/ubuntu/ trusty-updates/main python-tdb amd64 1.3.8-0ubuntu0.14.04.1 [10.8 kB]
Get:52 http://ap-southeast-1.ec2.archive.ubuntu.com/ubuntu/ trusty-updates/main python-samba amd64 2:4.3.11+dfsg-0ubuntu0.14.04.17 [1,070 kB]
Get:53 http://ap-southeast-1.ec2.archive.ubuntu.com/ubuntu/ trusty-updates/main rpcbind amd64 0.2.1-2ubuntu2.2 [37.1 kB]
Get:54 http://ap-southeast-1.ec2.archive.ubuntu.com/ubuntu/ trusty-updates/main samba-common-bin amd64 2:4.3.11+dfsg-0ubuntu0.14.04.17 [509 kB]
Get:55 http://ap-southeast-1.ec2.archive.ubuntu.com/ubuntu/ trusty-updates/main snmp amd64 5.7.2~dfsg-8.1ubuntu3.3 [146 kB]
Get:56 http://ap-southeast-1.ec2.archive.ubuntu.com/ubuntu/ trusty/main whois amd64 5.1.1 [30.2 kB]
Get:57 http://ap-southeast-1.ec2.archive.ubuntu.com/ubuntu/ trusty/main nagios-plugins-standard amd64 1.5-3ubuntu1 [109 kB]
Get:58 http://ap-southeast-1.ec2.archive.ubuntu.com/ubuntu/ trusty/main nagios-plugins all 1.5-3ubuntu1 [7,726 B]
Fetched 17.7 MB in 4s (3,633 kB/s)
Extracting templates from packages: 100%
Preconfiguring packages ...
Selecting previously unselected package liblzo2-2:amd64.
(Reading database ... 52505 files and directories currently installed.)
Preparing to unpack .../liblzo2-2_2.06-1.2ubuntu1.1_amd64.deb ...
Unpacking liblzo2-2:amd64 (2.06-1.2ubuntu1.1) ...
Selecting previously unselected package libnettle4:amd64.
Preparing to unpack .../libnettle4_2.7.1-1ubuntu0.2_amd64.deb ...
Unpacking libnettle4:amd64 (2.7.1-1ubuntu0.2) ...
Selecting previously unselected package libarchive13:amd64.
Preparing to unpack .../libarchive13_3.1.2-7ubuntu2.6_amd64.deb ...
Unpacking libarchive13:amd64 (3.1.2-7ubuntu2.6) ...
Selecting previously unselected package libavahi-common-data:amd64.
Preparing to unpack .../libavahi-common-data_0.6.31-4ubuntu1.2_amd64.deb ...
Unpacking libavahi-common-data:amd64 (0.6.31-4ubuntu1.2) ...
Selecting previously unselected package libavahi-common3:amd64.
Preparing to unpack .../libavahi-common3_0.6.31-4ubuntu1.2_amd64.deb ...
Unpacking libavahi-common3:amd64 (0.6.31-4ubuntu1.2) ...
Selecting previously unselected package libavahi-client3:amd64.
Preparing to unpack .../libavahi-client3_0.6.31-4ubuntu1.2_amd64.deb ...
Unpacking libavahi-client3:amd64 (0.6.31-4ubuntu1.2) ...
Selecting previously unselected package libcups2:amd64.
Preparing to unpack .../libcups2_1.7.2-0ubuntu1.10_amd64.deb ...
Unpacking libcups2:amd64 (1.7.2-0ubuntu1.10) ...
Selecting previously unselected package fonts-dejavu-core.
Preparing to unpack .../fonts-dejavu-core_2.34-1ubuntu1_all.deb ...
Unpacking fonts-dejavu-core (2.34-1ubuntu1) ...
Selecting previously unselected package fontconfig-config.
Preparing to unpack .../fontconfig-config_2.11.0-0ubuntu4.2_all.deb ...
Unpacking fontconfig-config (2.11.0-0ubuntu4.2) ...
Selecting previously unselected package libfontconfig1:amd64.
Preparing to unpack .../libfontconfig1_2.11.0-0ubuntu4.2_amd64.deb ...
Unpacking libfontconfig1:amd64 (2.11.0-0ubuntu4.2) ...
Selecting previously unselected package libjpeg-turbo8:amd64.
Preparing to unpack .../libjpeg-turbo8_1.3.0-0ubuntu2.1_amd64.deb ...
Unpacking libjpeg-turbo8:amd64 (1.3.0-0ubuntu2.1) ...
Selecting previously unselected package libjpeg8:amd64.
Preparing to unpack .../libjpeg8_8c-2ubuntu8_amd64.deb ...
Unpacking libjpeg8:amd64 (8c-2ubuntu8) ...
Selecting previously unselected package libjbig0:amd64.
Preparing to unpack .../libjbig0_2.0-2ubuntu4.1_amd64.deb ...
Unpacking libjbig0:amd64 (2.0-2ubuntu4.1) ...
Selecting previously unselected package libtiff5:amd64.
Preparing to unpack .../libtiff5_4.0.3-7ubuntu0.9_amd64.deb ...
Unpacking libtiff5:amd64 (4.0.3-7ubuntu0.9) ...
Selecting previously unselected package libvpx1:amd64.
Preparing to unpack .../libvpx1_1.3.0-2_amd64.deb ...
Unpacking libvpx1:amd64 (1.3.0-2) ...
Selecting previously unselected package libxpm4:amd64.
Preparing to unpack .../libxpm4_1%3a3.5.10-1ubuntu0.1_amd64.deb ...
Unpacking libxpm4:amd64 (1:3.5.10-1ubuntu0.1) ...
Selecting previously unselected package libgd3:amd64.
Preparing to unpack .../libgd3_2.1.0-3ubuntu0.10_amd64.deb ...
Unpacking libgd3:amd64 (2.1.0-3ubuntu0.10) ...
Selecting previously unselected package libgmp10:amd64.
Preparing to unpack .../libgmp10_2%3a5.1.3+dfsg-1ubuntu1_amd64.deb ...
Unpacking libgmp10:amd64 (2:5.1.3+dfsg-1ubuntu1) ...
Selecting previously unselected package libgssglue1:amd64.
Preparing to unpack .../libgssglue1_0.4-2ubuntu1_amd64.deb ...
Unpacking libgssglue1:amd64 (0.4-2ubuntu1) ...
Selecting previously unselected package libtalloc2:amd64.
Preparing to unpack .../libtalloc2_2.1.5-0ubuntu0.14.04.1_amd64.deb ...
Unpacking libtalloc2:amd64 (2.1.5-0ubuntu0.14.04.1) ...
Selecting previously unselected package libtdb1:amd64.
Preparing to unpack .../libtdb1_1.3.8-0ubuntu0.14.04.1_amd64.deb ...
Unpacking libtdb1:amd64 (1.3.8-0ubuntu0.14.04.1) ...
Selecting previously unselected package libtevent0:amd64.
Preparing to unpack .../libtevent0_0.9.28-0ubuntu0.14.04.1_amd64.deb ...
Unpacking libtevent0:amd64 (0.9.28-0ubuntu0.14.04.1) ...
Selecting previously unselected package libldb1:amd64.
Preparing to unpack .../libldb1_1%3a1.1.24-0ubuntu0.14.04.1_amd64.deb ...
Unpacking libldb1:amd64 (1:1.1.24-0ubuntu0.14.04.1) ...
Selecting previously unselected package libsensors4:amd64.
Preparing to unpack .../libsensors4_1%3a3.3.4-2ubuntu1_amd64.deb ...
Unpacking libsensors4:amd64 (1:3.3.4-2ubuntu1) ...
Selecting previously unselected package libperl5.18.
Preparing to unpack .../libperl5.18_5.18.2-2ubuntu1.6_amd64.deb ...
Unpacking libperl5.18 (5.18.2-2ubuntu1.6) ...
Selecting previously unselected package libsnmp-base.
Preparing to unpack .../libsnmp-base_5.7.2~dfsg-8.1ubuntu3.3_all.deb ...
Unpacking libsnmp-base (5.7.2~dfsg-8.1ubuntu3.3) ...
Selecting previously unselected package libsnmp30:amd64.
Preparing to unpack .../libsnmp30_5.7.2~dfsg-8.1ubuntu3.3_amd64.deb ...
Unpacking libsnmp30:amd64 (5.7.2~dfsg-8.1ubuntu3.3) ...
Selecting previously unselected package libwbclient0:amd64.
Preparing to unpack .../libwbclient0_2%3a4.3.11+dfsg-0ubuntu0.14.04.17_amd64.deb ...
Unpacking libwbclient0:amd64 (2:4.3.11+dfsg-0ubuntu0.14.04.17) ...
Selecting previously unselected package python-ldb.
Preparing to unpack .../python-ldb_1%3a1.1.24-0ubuntu0.14.04.1_amd64.deb ...
Unpacking python-ldb (1:1.1.24-0ubuntu0.14.04.1) ...
Selecting previously unselected package python-talloc.
Preparing to unpack .../python-talloc_2.1.5-0ubuntu0.14.04.1_amd64.deb ...
Unpacking python-talloc (2.1.5-0ubuntu0.14.04.1) ...
Selecting previously unselected package samba-common.
Preparing to unpack .../samba-common_2%3a4.3.11+dfsg-0ubuntu0.14.04.17_all.deb ...
Unpacking samba-common (2:4.3.11+dfsg-0ubuntu0.14.04.17) ...
Selecting previously unselected package samba-libs:amd64.
Preparing to unpack .../samba-libs_2%3a4.3.11+dfsg-0ubuntu0.14.04.17_amd64.deb ...
Unpacking samba-libs:amd64 (2:4.3.11+dfsg-0ubuntu0.14.04.17) ...
Selecting previously unselected package libsmbclient:amd64.
Preparing to unpack .../libsmbclient_2%3a4.3.11+dfsg-0ubuntu0.14.04.17_amd64.deb ...
Unpacking libsmbclient:amd64 (2:4.3.11+dfsg-0ubuntu0.14.04.17) ...
Selecting previously unselected package smbclient.
Preparing to unpack .../smbclient_2%3a4.3.11+dfsg-0ubuntu0.14.04.17_amd64.deb ...
Unpacking smbclient (2:4.3.11+dfsg-0ubuntu0.14.04.17) ...
Selecting previously unselected package libtirpc1:amd64.
Preparing to unpack .../libtirpc1_0.2.2-5ubuntu2.1_amd64.deb ...
Unpacking libtirpc1:amd64 (0.2.2-5ubuntu2.1) ...
Selecting previously unselected package nagios-plugins-common.
Preparing to unpack .../nagios-plugins-common_1.5-3ubuntu1_amd64.deb ...
Unpacking nagios-plugins-common (1.5-3ubuntu1) ...
Processing triggers for man-db (2.6.7.1-1ubuntu1) ...
Setting up nagios-plugins-common (1.5-3ubuntu1) ...
Selecting previously unselected package nagios-plugins-basic.
(Reading database ... 53161 files and directories currently installed.)
Preparing to unpack .../nagios-plugins-basic_1.5-3ubuntu1_amd64.deb ...
Unpacking nagios-plugins-basic (1.5-3ubuntu1) ...
Selecting previously unselected package apache2-utils.
Preparing to unpack .../apache2-utils_2.4.7-1ubuntu4.20_amd64.deb ...
Unpacking apache2-utils (2.4.7-1ubuntu4.20) ...
Selecting previously unselected package postfix.
Preparing to unpack .../postfix_2.11.0-1ubuntu1.2_amd64.deb ...
Unpacking postfix (2.11.0-1ubuntu1.2) ...
Selecting previously unselected package bsd-mailx.
Preparing to unpack .../bsd-mailx_8.1.2-0.20131005cvs-1ubuntu0.14.04.1_amd64.deb ...
Unpacking bsd-mailx (8.1.2-0.20131005cvs-1ubuntu0.14.04.1) ...
Selecting previously unselected package libdbi1:amd64.
Preparing to unpack .../libdbi1_0.9.0-1_amd64.deb ...
Unpacking libdbi1:amd64 (0.9.0-1) ...
Selecting previously unselected package libjs-jquery.
Preparing to unpack .../libjs-jquery_1.7.2+dfsg-2ubuntu1_all.deb ...
Unpacking libjs-jquery (1.7.2+dfsg-2ubuntu1) ...
Selecting previously unselected package libnet-snmp-perl.
Preparing to unpack .../libnet-snmp-perl_6.0.1-2_all.deb ...
Unpacking libnet-snmp-perl (6.0.1-2) ...
Selecting previously unselected package libpq5.
Preparing to unpack .../libpq5_9.3.24-0ubuntu0.14.04_amd64.deb ...
Unpacking libpq5 (9.3.24-0ubuntu0.14.04) ...
Selecting previously unselected package nagios-images.
Preparing to unpack .../nagios-images_0.8_all.deb ...
Unpacking nagios-images (0.8) ...
Selecting previously unselected package nagios3-common.
Preparing to unpack .../nagios3-common_3.5.1-1ubuntu1.3_all.deb ...
Unpacking nagios3-common (3.5.1-1ubuntu1.3) ...
Selecting previously unselected package nagios3-cgi.
Preparing to unpack .../nagios3-cgi_3.5.1-1ubuntu1.3_amd64.deb ...
Unpacking nagios3-cgi (3.5.1-1ubuntu1.3) ...
Selecting previously unselected package nagios3-core.
Preparing to unpack .../nagios3-core_3.5.1-1ubuntu1.3_amd64.deb ...
Unpacking nagios3-core (3.5.1-1ubuntu1.3) ...
Selecting previously unselected package nagios3.
Preparing to unpack .../nagios3_3.5.1-1ubuntu1.3_amd64.deb ...
Unpacking nagios3 (3.5.1-1ubuntu1.3) ...
Selecting previously unselected package python-crypto.
Preparing to unpack .../python-crypto_2.6.1-4ubuntu0.3_amd64.deb ...
Unpacking python-crypto (2.6.1-4ubuntu0.3) ...
Selecting previously unselected package python-tdb.
Preparing to unpack .../python-tdb_1.3.8-0ubuntu0.14.04.1_amd64.deb ...
Unpacking python-tdb (1.3.8-0ubuntu0.14.04.1) ...
Selecting previously unselected package python-samba.
Preparing to unpack .../python-samba_2%3a4.3.11+dfsg-0ubuntu0.14.04.17_amd64.deb ...
Unpacking python-samba (2:4.3.11+dfsg-0ubuntu0.14.04.17) ...
Selecting previously unselected package rpcbind.
Preparing to unpack .../rpcbind_0.2.1-2ubuntu2.2_amd64.deb ...
Unpacking rpcbind (0.2.1-2ubuntu2.2) ...
Selecting previously unselected package samba-common-bin.
Preparing to unpack .../samba-common-bin_2%3a4.3.11+dfsg-0ubuntu0.14.04.17_amd64.deb ...
Unpacking samba-common-bin (2:4.3.11+dfsg-0ubuntu0.14.04.17) ...
Selecting previously unselected package snmp.
Preparing to unpack .../snmp_5.7.2~dfsg-8.1ubuntu3.3_amd64.deb ...
Unpacking snmp (5.7.2~dfsg-8.1ubuntu3.3) ...
Selecting previously unselected package whois.
Preparing to unpack .../archives/whois_5.1.1_amd64.deb ...
Unpacking whois (5.1.1) ...
Selecting previously unselected package nagios-plugins-standard.
Preparing to unpack .../nagios-plugins-standard_1.5-3ubuntu1_amd64.deb ...
Unpacking nagios-plugins-standard (1.5-3ubuntu1) ...
Selecting previously unselected package nagios-plugins.
Preparing to unpack .../nagios-plugins_1.5-3ubuntu1_all.deb ...
Unpacking nagios-plugins (1.5-3ubuntu1) ...
Processing triggers for man-db (2.6.7.1-1ubuntu1) ...
Processing triggers for ureadahead (0.100.0-16) ...
Processing triggers for ufw (0.34~rc-0ubuntu2) ...
Setting up liblzo2-2:amd64 (2.06-1.2ubuntu1.1) ...
Setting up libnettle4:amd64 (2.7.1-1ubuntu0.2) ...
Setting up libarchive13:amd64 (3.1.2-7ubuntu2.6) ...
Setting up libavahi-common-data:amd64 (0.6.31-4ubuntu1.2) ...
Setting up libavahi-common3:amd64 (0.6.31-4ubuntu1.2) ...
Setting up libavahi-client3:amd64 (0.6.31-4ubuntu1.2) ...
Setting up libcups2:amd64 (1.7.2-0ubuntu1.10) ...
Setting up fonts-dejavu-core (2.34-1ubuntu1) ...
Setting up fontconfig-config (2.11.0-0ubuntu4.2) ...
Setting up libfontconfig1:amd64 (2.11.0-0ubuntu4.2) ...
Setting up libjpeg-turbo8:amd64 (1.3.0-0ubuntu2.1) ...
Setting up libjpeg8:amd64 (8c-2ubuntu8) ...
Setting up libjbig0:amd64 (2.0-2ubuntu4.1) ...
Setting up libtiff5:amd64 (4.0.3-7ubuntu0.9) ...
Setting up libvpx1:amd64 (1.3.0-2) ...
Setting up libxpm4:amd64 (1:3.5.10-1ubuntu0.1) ...
Setting up libgd3:amd64 (2.1.0-3ubuntu0.10) ...
Setting up libgmp10:amd64 (2:5.1.3+dfsg-1ubuntu1) ...
Setting up libgssglue1:amd64 (0.4-2ubuntu1) ...
Setting up libtalloc2:amd64 (2.1.5-0ubuntu0.14.04.1) ...
Setting up libtdb1:amd64 (1.3.8-0ubuntu0.14.04.1) ...
Setting up libtevent0:amd64 (0.9.28-0ubuntu0.14.04.1) ...
Setting up libldb1:amd64 (1:1.1.24-0ubuntu0.14.04.1) ...
Setting up libsensors4:amd64 (1:3.3.4-2ubuntu1) ...
Setting up libperl5.18 (5.18.2-2ubuntu1.6) ...
Setting up libsnmp-base (5.7.2~dfsg-8.1ubuntu3.3) ...
Setting up libsnmp30:amd64 (5.7.2~dfsg-8.1ubuntu3.3) ...
Setting up libwbclient0:amd64 (2:4.3.11+dfsg-0ubuntu0.14.04.17) ...
Setting up python-ldb (1:1.1.24-0ubuntu0.14.04.1) ...
Setting up python-talloc (2.1.5-0ubuntu0.14.04.1) ...
Setting up samba-common (2:4.3.11+dfsg-0ubuntu0.14.04.17) ...

Creating config file /etc/samba/smb.conf with new version
Setting up samba-libs:amd64 (2:4.3.11+dfsg-0ubuntu0.14.04.17) ...
Setting up libsmbclient:amd64 (2:4.3.11+dfsg-0ubuntu0.14.04.17) ...
Setting up smbclient (2:4.3.11+dfsg-0ubuntu0.14.04.17) ...
Setting up libtirpc1:amd64 (0.2.2-5ubuntu2.1) ...
Setting up nagios-plugins-basic (1.5-3ubuntu1) ...

Creating config file /etc/nagios-plugins/config/apt.cfg with new version

Creating config file /etc/nagios-plugins/config/dhcp.cfg with new version

Creating config file /etc/nagios-plugins/config/disk.cfg with new version

Creating config file /etc/nagios-plugins/config/dummy.cfg with new version

Creating config file /etc/nagios-plugins/config/ftp.cfg with new version

Creating config file /etc/nagios-plugins/config/http.cfg with new version

Creating config file /etc/nagios-plugins/config/load.cfg with new version

Creating config file /etc/nagios-plugins/config/mail.cfg with new version

Creating config file /etc/nagios-plugins/config/news.cfg with new version

Creating config file /etc/nagios-plugins/config/ntp.cfg with new version

Creating config file /etc/nagios-plugins/config/ping.cfg with new version

Creating config file /etc/nagios-plugins/config/procs.cfg with new version

Creating config file /etc/nagios-plugins/config/real.cfg with new version

Creating config file /etc/nagios-plugins/config/ssh.cfg with new version

Creating config file /etc/nagios-plugins/config/tcp_udp.cfg with new version

Creating config file /etc/nagios-plugins/config/telnet.cfg with new version

Creating config file /etc/nagios-plugins/config/users.cfg with new version
Setting up apache2-utils (2.4.7-1ubuntu4.20) ...
Setting up postfix (2.11.0-1ubuntu1.2) ...
Adding group `postfix' (GID 113) ...
Done.
Adding system user `postfix' (UID 107) ...
Adding new user `postfix' (UID 107) with group `postfix' ...
Not creating home directory `/var/spool/postfix'.
Creating /etc/postfix/dynamicmaps.cf
Adding tcp map entry to /etc/postfix/dynamicmaps.cf
Adding sqlite map entry to /etc/postfix/dynamicmaps.cf
Adding group `postdrop' (GID 114) ...
Done.
/etc/aliases does not exist, creating it.

Postfix was not set up.  Start with
  cp /usr/share/postfix/main.cf.debian /etc/postfix/main.cf
.  If you need to make changes, edit
/etc/postfix/main.cf (and others) as needed.  To view Postfix configuration
values, see postconf(1).

After modifying main.cf, be sure to run '/etc/init.d/postfix reload'.

Setting up libdbi1:amd64 (0.9.0-1) ...
Setting up libjs-jquery (1.7.2+dfsg-2ubuntu1) ...
Setting up libnet-snmp-perl (6.0.1-2) ...
Setting up libpq5 (9.3.24-0ubuntu0.14.04) ...
Setting up nagios-images (0.8) ...
Setting up python-crypto (2.6.1-4ubuntu0.3) ...
Setting up python-tdb (1.3.8-0ubuntu0.14.04.1) ...
Setting up python-samba (2:4.3.11+dfsg-0ubuntu0.14.04.17) ...
Setting up rpcbind (0.2.1-2ubuntu2.2) ...
 Removing any system startup links for /etc/init.d/rpcbind ...
rpcbind start/running, process 9521
Setting up samba-common-bin (2:4.3.11+dfsg-0ubuntu0.14.04.17) ...
Setting up snmp (5.7.2~dfsg-8.1ubuntu3.3) ...
Setting up whois (5.1.1) ...
Setting up nagios-plugins-standard (1.5-3ubuntu1) ...

Creating config file /etc/nagios-plugins/config/breeze.cfg with new version

Creating config file /etc/nagios-plugins/config/disk-smb.cfg with new version

Creating config file /etc/nagios-plugins/config/dns.cfg with new version

Creating config file /etc/nagios-plugins/config/flexlm.cfg with new version

Creating config file /etc/nagios-plugins/config/fping.cfg with new version

Creating config file /etc/nagios-plugins/config/games.cfg with new version

Creating config file /etc/nagios-plugins/config/hppjd.cfg with new version

Creating config file /etc/nagios-plugins/config/ifstatus.cfg with new version

Creating config file /etc/nagios-plugins/config/ldap.cfg with new version

Creating config file /etc/nagios-plugins/config/mailq.cfg with new version

Creating config file /etc/nagios-plugins/config/mrtg.cfg with new version

Creating config file /etc/nagios-plugins/config/mysql.cfg with new version

Creating config file /etc/nagios-plugins/config/netware.cfg with new version

Creating config file /etc/nagios-plugins/config/nt.cfg with new version

Creating config file /etc/nagios-plugins/config/pgsql.cfg with new version

Creating config file /etc/nagios-plugins/config/radius.cfg with new version

Creating config file /etc/nagios-plugins/config/rpc-nfs.cfg with new version

Creating config file /etc/nagios-plugins/config/snmp.cfg with new version
Setting up nagios-plugins (1.5-3ubuntu1) ...
Processing triggers for ureadahead (0.100.0-16) ...
Processing triggers for ufw (0.34~rc-0ubuntu2) ...
Setting up bsd-mailx (8.1.2-0.20131005cvs-1ubuntu0.14.04.1) ...
update-alternatives: using /usr/bin/bsd-mailx to provide /usr/bin/mailx (mailx) in auto mode
Setting up nagios3-common (3.5.1-1ubuntu1.3) ...
Adding system-user for nagios
 * Starting nagios3 monitoring daemon nagios3                            [ OK ]
Processing triggers for ureadahead (0.100.0-16) ...
Setting up nagios3-cgi (3.5.1-1ubuntu1.3) ...

Creating config file /etc/nagios3/apache2.conf with new version
enabling Apache2 config...
apache2_invoke: Enable module cgi
 * Restarting web server apache2                                         [ OK ]
apache2_invoke: Enable configuration nagios3
 * Reloading web server apache2                                                  *
Adding password for user nagiosadmin
Setting up nagios3-core (3.5.1-1ubuntu1.3) ...
Setting up nagios3 (3.5.1-1ubuntu1.3) ...
Processing triggers for libc-bin (2.19-0ubuntu6.14) ...
root@ip-172-31-18-133:~# service nagios3 status
 * checking /usr/sbin/nagios3...                                         [ OK ]
root@ip-172-31-18-133:~# Connection reset by 54.255.138.238 port 22
s
Chetan@DESKTOP-QO99CVR MINGW64 ~/Desktop (master)
$ ssh -i "jenkins.pem" ubuntu@ec2-54-255-138-238.ap-southeast-1.compute.amazonaws.com
Welcome to Ubuntu 14.04.5 LTS (GNU/Linux 3.13.0-158-generic x86_64)

 * Documentation:  https://help.ubuntu.com/

  System information as of Tue Oct 30 05:41:04 UTC 2018

  System load:  0.82              Processes:           104
  Usage of /:   10.3% of 7.74GB   Users logged in:     0
  Memory usage: 5%                IP address for eth0: 172.31.18.133
  Swap usage:   0%

  Graph this data and manage this system at:
    https://landscape.canonical.com/

  Get cloud support with Ubuntu Advantage Cloud Guest:
    http://www.ubuntu.com/business/services/cloud

0 packages can be updated.
0 updates are security updates.

New release '16.04.5 LTS' available.
Run 'do-release-upgrade' to upgrade to it.


Last login: Tue Oct 30 05:41:07 2018 from 157.48.118.24
ubuntu@ip-172-31-18-133:~$ sudo -i
root@ip-172-31-18-133:~# apt-get update
Ign http://ap-southeast-1.ec2.archive.ubuntu.com trusty InRelease
Hit http://ap-southeast-1.ec2.archive.ubuntu.com trusty-updates InRelease
Hit http://ap-southeast-1.ec2.archive.ubuntu.com trusty-backports InRelease
Hit http://ap-southeast-1.ec2.archive.ubuntu.com trusty Release.gpg
Hit http://ap-southeast-1.ec2.archive.ubuntu.com trusty Release
Hit http://ap-southeast-1.ec2.archive.ubuntu.com trusty-updates/main Sources
Hit http://ap-southeast-1.ec2.archive.ubuntu.com trusty-updates/restricted Sources
Hit http://ap-southeast-1.ec2.archive.ubuntu.com trusty-updates/universe Sources
Hit http://ap-southeast-1.ec2.archive.ubuntu.com trusty-updates/multiverse Sources
Hit http://ap-southeast-1.ec2.archive.ubuntu.com trusty-updates/main amd64 Packages
Hit http://ap-southeast-1.ec2.archive.ubuntu.com trusty-updates/restricted amd64 Packages
Hit http://ap-southeast-1.ec2.archive.ubuntu.com trusty-updates/universe amd64 Packages
Hit http://ap-southeast-1.ec2.archive.ubuntu.com trusty-updates/multiverse amd64 Packages
Hit http://ap-southeast-1.ec2.archive.ubuntu.com trusty-updates/main Translation-en
Hit http://ap-southeast-1.ec2.archive.ubuntu.com trusty-updates/multiverse Translation-en
Hit http://ap-southeast-1.ec2.archive.ubuntu.com trusty-updates/restricted Translation-en
Hit http://ap-southeast-1.ec2.archive.ubuntu.com trusty-updates/universe Translation-en
Hit http://ap-southeast-1.ec2.archive.ubuntu.com trusty-backports/main Sources
Hit http://ap-southeast-1.ec2.archive.ubuntu.com trusty-backports/restricted Sources
Hit http://ap-southeast-1.ec2.archive.ubuntu.com trusty-backports/universe Sources
Hit http://ap-southeast-1.ec2.archive.ubuntu.com trusty-backports/multiverse Sources
Hit http://ap-southeast-1.ec2.archive.ubuntu.com trusty-backports/main amd64 Packages
Hit http://ap-southeast-1.ec2.archive.ubuntu.com trusty-backports/restricted amd64 Packages
Hit http://ap-southeast-1.ec2.archive.ubuntu.com trusty-backports/universe amd64 Packages
Hit http://ap-southeast-1.ec2.archive.ubuntu.com trusty-backports/multiverse amd64 Packages
Hit http://ap-southeast-1.ec2.archive.ubuntu.com trusty-backports/main Translation-en
Hit http://ap-southeast-1.ec2.archive.ubuntu.com trusty-backports/multiverse Translation-en
Hit http://ap-southeast-1.ec2.archive.ubuntu.com trusty-backports/restricted Translation-en
Hit http://ap-southeast-1.ec2.archive.ubuntu.com trusty-backports/universe Translation-en
Hit http://ap-southeast-1.ec2.archive.ubuntu.com trusty/main Sources
Hit http://ap-southeast-1.ec2.archive.ubuntu.com trusty/restricted Sources
Hit http://ap-southeast-1.ec2.archive.ubuntu.com trusty/universe Sources
Hit http://ap-southeast-1.ec2.archive.ubuntu.com trusty/multiverse Sources
Hit http://ap-southeast-1.ec2.archive.ubuntu.com trusty/main amd64 Packages
Hit http://ap-southeast-1.ec2.archive.ubuntu.com trusty/restricted amd64 Packages
Hit http://ap-southeast-1.ec2.archive.ubuntu.com trusty/universe amd64 Packages
Hit http://ap-southeast-1.ec2.archive.ubuntu.com trusty/multiverse amd64 Packages
Hit http://ap-southeast-1.ec2.archive.ubuntu.com trusty/main Translation-en
Hit http://ap-southeast-1.ec2.archive.ubuntu.com trusty/multiverse Translation-en
Hit http://ap-southeast-1.ec2.archive.ubuntu.com trusty/restricted Translation-en
Hit http://ap-southeast-1.ec2.archive.ubuntu.com trusty/universe Translation-en
Ign http://ap-southeast-1.ec2.archive.ubuntu.com trusty/main Translation-en_US
Ign http://ap-southeast-1.ec2.archive.ubuntu.com trusty/multiverse Translation-en_US
Ign http://ap-southeast-1.ec2.archive.ubuntu.com trusty/restricted Translation-en_US
Ign http://ap-southeast-1.ec2.archive.ubuntu.com trusty/universe Translation-en_US
Get:1 http://security.ubuntu.com trusty-security InRelease [65.9 kB]
Get:2 http://security.ubuntu.com trusty-security/main Sources [165 kB]
Get:3 http://security.ubuntu.com trusty-security/universe Sources [86.9 kB]
Get:4 http://security.ubuntu.com trusty-security/main amd64 Packages [783 kB]
Get:5 http://security.ubuntu.com trusty-security/universe amd64 Packages [267 kB]
Get:6 http://security.ubuntu.com trusty-security/main Translation-en [420 kB]
Get:7 http://security.ubuntu.com trusty-security/universe Translation-en [144 kB]
Fetched 1,932 kB in 5s (357 kB/s)
Reading package lists... Done
root@ip-172-31-18-133:~# ls
root@ip-172-31-18-133:~# cd /etc/nagios3
root@ip-172-31-18-133:/etc/nagios3# ls
apache2.conf  commands.cfg  htpasswd.users  resource.cfg
cgi.cfg       conf.d        nagios.cfg      stylesheets
root@ip-172-31-18-133:/etc/nagios3# cd conf.d
root@ip-172-31-18-133:/etc/nagios3/conf.d# pwd
/etc/nagios3/conf.d
root@ip-172-31-18-133:/etc/nagios3/conf.d# cp localhost-nagios3/nagios.cfg rajini.cfg
cp: cannot stat ‘localhost-nagios3/nagios.cfg’: No such file or directory
root@ip-172-31-18-133:/etc/nagios3/conf.d# vi rajini.cfg
root@ip-172-31-18-133:/etc/nagios3/conf.d# cd conf.d
-bash: cd: conf.d: No such file or directory
root@ip-172-31-18-133:/etc/nagios3/conf.d# ls
contacts_nagios2.cfg      generic-service_nagios2.cfg  rajini.cfg
extinfo_nagios2.cfg       hostgroups_nagios2.cfg       services_nagios2.cfg
generic-host_nagios2.cfg  localhost_nagios2.cfg        timeperiods_nagios2.cfg
root@ip-172-31-18-133:/etc/nagios3/conf.d# cp localhost_nagios2.cfg  rajiniprivate.cfg
root@ip-172-31-18-133:/etc/nagios3/conf.d# vi rajiniprivate,cfg
root@ip-172-31-18-133:/etc/nagios3/conf.d# vi rajiniprivate.cfg
root@ip-172-31-18-133:/etc/nagios3/conf.d# nagios3 -v /etc/nagios3/nagios.cfg

Nagios Core 3.5.1
Copyright (c) 2009-2011 Nagios Core Development Team and Community Contributors
Copyright (c) 1999-2009 Ethan Galstad
Last Modified: 08-30-2013
License: GPL

Website: http://www.nagios.org
Reading configuration data...
   Read main config file okay...
Processing object config file '/etc/nagios3/commands.cfg'...
Processing object config directory '/etc/nagios-plugins/config'...
Processing object config file '/etc/nagios-plugins/config/pgsql.cfg'...
Processing object config file '/etc/nagios-plugins/config/nt.cfg'...
Processing object config file '/etc/nagios-plugins/config/dns.cfg'...
Processing object config file '/etc/nagios-plugins/config/snmp.cfg'...
Processing object config file '/etc/nagios-plugins/config/http.cfg'...
Processing object config file '/etc/nagios-plugins/config/ssh.cfg'...
Processing object config file '/etc/nagios-plugins/config/real.cfg'...
Processing object config file '/etc/nagios-plugins/config/mrtg.cfg'...
Processing object config file '/etc/nagios-plugins/config/flexlm.cfg'...
Processing object config file '/etc/nagios-plugins/config/disk-smb.cfg'...
Processing object config file '/etc/nagios-plugins/config/tcp_udp.cfg'...
Processing object config file '/etc/nagios-plugins/config/fping.cfg'...
Processing object config file '/etc/nagios-plugins/config/mail.cfg'...
Processing object config file '/etc/nagios-plugins/config/rpc-nfs.cfg'...
Processing object config file '/etc/nagios-plugins/config/ifstatus.cfg'...
Processing object config file '/etc/nagios-plugins/config/ldap.cfg'...
Processing object config file '/etc/nagios-plugins/config/games.cfg'...
Processing object config file '/etc/nagios-plugins/config/dummy.cfg'...
Processing object config file '/etc/nagios-plugins/config/ntp.cfg'...
Processing object config file '/etc/nagios-plugins/config/hppjd.cfg'...
Processing object config file '/etc/nagios-plugins/config/netware.cfg'...
Processing object config file '/etc/nagios-plugins/config/mailq.cfg'...
Processing object config file '/etc/nagios-plugins/config/breeze.cfg'...
Processing object config file '/etc/nagios-plugins/config/ping.cfg'...
Processing object config file '/etc/nagios-plugins/config/disk.cfg'...
Processing object config file '/etc/nagios-plugins/config/telnet.cfg'...
Processing object config file '/etc/nagios-plugins/config/mysql.cfg'...
Processing object config file '/etc/nagios-plugins/config/radius.cfg'...
Processing object config file '/etc/nagios-plugins/config/news.cfg'...
Processing object config file '/etc/nagios-plugins/config/users.cfg'...
Processing object config file '/etc/nagios-plugins/config/procs.cfg'...
Processing object config file '/etc/nagios-plugins/config/load.cfg'...
Processing object config file '/etc/nagios-plugins/config/ftp.cfg'...
Processing object config file '/etc/nagios-plugins/config/apt.cfg'...
Processing object config file '/etc/nagios-plugins/config/dhcp.cfg'...
Processing object config directory '/etc/nagios3/conf.d'...
Processing object config file '/etc/nagios3/conf.d/contacts_nagios2.cfg'...
Processing object config file '/etc/nagios3/conf.d/rajiniprivate.cfg'...
Processing object config file '/etc/nagios3/conf.d/localhost_nagios2.cfg'...
Processing object config file '/etc/nagios3/conf.d/rajini.cfg'...
Processing object config file '/etc/nagios3/conf.d/hostgroups_nagios2.cfg'...
Processing object config file '/etc/nagios3/conf.d/extinfo_nagios2.cfg'...
Processing object config file '/etc/nagios3/conf.d/timeperiods_nagios2.cfg'...
Processing object config file '/etc/nagios3/conf.d/generic-host_nagios2.cfg'...
Processing object config file '/etc/nagios3/conf.d/services_nagios2.cfg'...
Processing object config file '/etc/nagios3/conf.d/generic-service_nagios2.cfg'...
   Read object config files okay...

Running pre-flight check on configuration data...

Checking services...
        Checked 10 services.
Checking hosts...
        Checked 2 hosts.
Checking host groups...
        Checked 4 host groups.
Checking service groups...
        Checked 0 service groups.
Checking contacts...
        Checked 1 contacts.
Checking contact groups...
        Checked 1 contact groups.
Checking service escalations...
        Checked 0 service escalations.
Checking service dependencies...
        Checked 0 service dependencies.
Checking host escalations...
        Checked 0 host escalations.
Checking host dependencies...
        Checked 0 host dependencies.
Checking commands...
        Checked 153 commands.
Checking time periods...
        Checked 4 time periods.
Checking for circular paths between hosts...
Checking for circular host and service dependencies...
Checking global event handlers...
Checking obsessive compulsive processor commands...
Checking misc settings...

Total Warnings: 0
Total Errors:   0

Things look okay - No serious problems were detected during the pre-flight check
root@ip-172-31-18-133:/etc/nagios3/conf.d# service nagios3 restart
 * Restarting nagios3 monitoring daemon nagios3
                                                                         [ OK ]
root@ip-172-31-18-133:/etc/nagios3/conf.d# history
    1  apt-get update
    2  ls
    3  cd /etc/nagios3
    4  ls
    5  cd conf.d
    6  pwd
    7  cp localhost-nagios3/nagios.cfg rajini.cfg
    8  vi rajini.cfg
    9  cd conf.d
   10  ls
   11  cp localhost_nagios2.cfg  rajiniprivate.cfg
   12  vi rajiniprivate,cfg
   13  vi rajiniprivate.cfg
   14  nagios3 -v /etc/nagios3/nagios.cfg
   15  service nagios3 restart
   16  history
root@ip-172-31-18-133:/etc/nagios3/conf.d# history


